[0;36m[LOG] Compiling c files...[0m
[0;34m[LOG] Compiling done.[0m
